<?xml version="1.0" encoding="UTF-8" standalone="no"?>
<licenseSummary>
  <dependencies>
    <dependency>
      <groupId>aopalliance</groupId>
      <artifactId>aopalliance</artifactId>
      <version>1.0</version>
      <licenses>
        <license>
          <name>Public Domain</name>
        </license>
      </licenses>
    </dependency>
    <dependency>
      <groupId>commons-logging</groupId>
      <artifactId>commons-logging</artifactId>
      <version>1.0</version>
      <licenses>
        <!-- No license information available. -->
      </licenses>
    </dependency>
  </dependencies>
</licenseSummary>
