<?xml version="1.0" encoding="UTF-8" standalone="no"?>
<licenseSummary>
  <dependencies>
    <dependency>
      <groupId>aopalliance</groupId>
      <artifactId>aopalliance</artifactId>
      <version>1.0</version>
      <licenses>
        <license>
          <name>Public Domain</name>
        </license>
      </licenses>
    </dependency>
    <dependency>
      <groupId>asm</groupId>
      <artifactId>asm</artifactId>
      <version>3.1</version>
      <licenses>
        <license>
          <name>BSD 3-Clause ASM</name>
          <url>https://gitlab.ow2.org/asm/asm/raw/ASM_3_1_MVN/LICENSE.txt</url>
          <file>bsd 3-clause asm - license.txt</file>
        </license>
      </licenses>
    </dependency>
    <dependency>
      <groupId>commons-logging</groupId>
      <artifactId>commons-logging</artifactId>
      <version>1.0</version>
      <licenses>
        <license>
          <name>Apache License 2.0</name>
          <url>http://www.apache.org/licenses/LICENSE-2.0.txt</url>
          <file>apache license 2.0 - license-2.0.txt</file>
        </license>
      </licenses>
    </dependency>
  </dependencies>
</licenseSummary>
