<?xml version="1.0" encoding="UTF-8" standalone="no"?>
<licenseSummary>
  <dependencies>
    <dependency>
      <groupId>commons-logging</groupId>
      <artifactId>commons-logging</artifactId>
      <version>1.0</version>
      <licenses>
        <license>
          <name>Apache License 2.0</name>
          <url>http://www.apache.org/licenses/LICENSE-2.0.txt</url>
          <file>apache license 2.0 - license-2.0.txt</file>
        </license>
      </licenses>
    </dependency>
    <dependency>
      <groupId>javax.cache</groupId>
      <artifactId>cache-api</artifactId>
      <version>1.0.0</version>
      <licenses>
        <license>
          <name>JSR-000107 JCACHE 2.9 Public Review - Updated Specification
                License</name>
          <url>https://raw.github.com/jsr107/jsr107spec/master/LICENSE.txt</url>
          <distribution>manual</distribution>
          <file>jsr-000107 jcache 2.9 public review - updated specification license - license.txt</file>
        </license>
      </licenses>
    </dependency>
    <dependency>
      <groupId>org.hibernate</groupId>
      <artifactId>hibernate-search-parent</artifactId>
      <version>5.10.3.Final</version>
      <licenses>
        <license>
          <name>GNU Lesser General Public License v2.1 or later</name>
          <url>http://www.opensource.org/licenses/LGPL-2.1</url>
          <file>gnu lesser general public license v2.1 or later - lgpl-2.1.html</file>
          <comments>See also: http://hibernate.org/license</comments>
        </license>
      </licenses>
    </dependency>
  </dependencies>
</licenseSummary>
